// Jest Snapshot v1, https://goo.gl/fbAQLP

exports[`Test render DevelopersCard 1`] = `
<div
  className="ui fluid card"
  href={undefined}
  onClick={[Function]}
>
  <div
    className="content"
  >
    <div
      className="header"
    >
      Cr√©ditos
    </div>
  </div>
  <div
    className="content"
  >
    DEVELOPER
  </div>
</div>
`;
