// Jest Snapshot v1, https://goo.gl/fbAQLP

exports[`Test render GameList 1`] = `
<div
  className="ui doubling five column grid"
>
  [
  game1
  ,
  game2
  ,
  game3
  ]
</div>
`;
